WARNING:TIME:04:34:22 PM Please use the correct number of arguments. DATE:08/09/2026 
Please use the correct number of arguments. Example: 
[92m{'-G', '--global', '--Global', '-g', '--GLOBAL'}[0m put's it in global mode for attacking global networks, 
[92m{'--GUI', '--gui', '-Gu', '-GU', '--Gui'}[0m put's it in GUI mode to attacking in GUI GLOBAL networks, 
[92m{'-l', '--Local', '-L', '--local', '--LOCAL'}[0m put's it in local mode for attacking local networks,
[92m{'--GUI-LOCAL', '--G-l', '--g-l', '--Gui-Local', '--gui-local', '--G-L'}[0m put's it in GUI LOCAL mode for attacking in GUI LOCAL networks,
[92m{'--MANUAL-GLOBAL', '--manual-global', '--m-g', '--M-G', '--Manual-Global', '--M-g', '--man-global'}[0m put's it in global manual mode that shows you how to use the program,
[92m{'--manual-local', '--Manual-Local', '--m-l', '--MANUAL-LOCAL', '--man-local', '--M-l', '--M-L'}[0m put's it in local manual mode that shows you how to use the program,
[92m{'--install', '--INSTALL', '--in'}[0m put's it in install mode that install's the required packages,
[92m{'--PIP-FORCE', '--pipForce', '--Pip-Force', '-Pip-Force', '--pip-force'}[0m put's it in pipForce mode that installs the required packages with pipForce,
[92m{'--UNINSTALL', '--un', '--uninstall'}[0m put's it in uninstall mode that uninstall's the packages,
[92m{'--skip-global', '--Skip-global', '--Skip-Global', '--SKIPGLOBAL', '--skip-Global'}[0m put's it in skip global mode that skips the global mode,
[92m{'--XFREERDP', '--xfree', '--xfreerdp', '--XFREE'}[0m put's the program into RDP connection mode,
[92m{'--skip-Local', '--skip-local', '--Skip-local', '--Skip-Local', '--SKIP-LOCAL'}[0m put's it in skip local mode that skips the local mode,
[92m{'--autoConnect', '--auto', '--AUTO', '--autoconnect'}[0m put's the program into auto connect, if there is a file with the user SSH username and ip address to use,
[92m{'--GlobalHelp', '--GLOBAL-HELP', '--Global-Help', '--globalHelp', '--global-help', '--GLOBALHELP'}[0m put's it in global help mode that shows you how to use the program in global mode,
[92m{'--LocalHelp', '--LOCALHELP', '--LOCAL-HELP', '--local-help', '--Local-Help', '--localHelp'}[0m put's it in local help mode that shows you how to use the program in local mode,
[92m{'--List', '--list', '--LIST'}[0m shows the packages that are installed or not,
[92m{'--UP', '--upgrade', '--UPGRADE', '-u', '-U', '--Up', '--up', '--Upgrade'}[0m allow you to update packages so it work,
[92m{'--FIX', '-F', '-f', '--fix'}[0m put's it in fix mode that fixes the program,
[92m{'--help', '--HELP', '--Help', '-h', '-H'}[0m put's it in help mode so you understand what you are going to do with this program.
ERROR:TIME:04:34:41 PM Please connect to the internet. DATE:08/09/2026
WARNING:TIME:04:34:52 PM Please use the correct number of arguments. DATE:08/09/2026 
Please use the correct number of arguments. Example: 
[92m{'--global', '--GLOBAL', '-g', '--Global', '-G'}[0m put's it in global mode for attacking global networks, 
[92m{'--gui', '-Gu', '-GU', '--GUI', '--Gui'}[0m put's it in GUI mode to attacking in GUI GLOBAL networks, 
[92m{'--local', '--LOCAL', '-L', '--Local', '-l'}[0m put's it in local mode for attacking local networks,
[92m{'--G-l', '--g-l', '--GUI-LOCAL', '--gui-local', '--Gui-Local', '--G-L'}[0m put's it in GUI LOCAL mode for attacking in GUI LOCAL networks,
[92m{'--manual-global', '--M-g', '--man-global', '--m-g', '--MANUAL-GLOBAL', '--M-G', '--Manual-Global'}[0m put's it in global manual mode that shows you how to use the program,
[92m{'--M-l', '--MANUAL-LOCAL', '--M-L', '--m-l', '--manual-local', '--man-local', '--Manual-Local'}[0m put's it in local manual mode that shows you how to use the program,
[92m{'--in', '--INSTALL', '--install'}[0m put's it in install mode that install's the required packages,
[92m{'--Pip-Force', '--pipForce', '--PIP-FORCE', '--pip-force', '-Pip-Force'}[0m put's it in pipForce mode that installs the required packages with pipForce,
[92m{'--un', '--UNINSTALL', '--uninstall'}[0m put's it in uninstall mode that uninstall's the packages,
[92m{'--Skip-Global', '--SKIPGLOBAL', '--skip-global', '--Skip-global', '--skip-Global'}[0m put's it in skip global mode that skips the global mode,
[92m{'--xfree', '--XFREE', '--XFREERDP', '--xfreerdp'}[0m put's the program into RDP connection mode,
[92m{'--skip-local', '--skip-Local', '--SKIP-LOCAL', '--Skip-local', '--Skip-Local'}[0m put's it in skip local mode that skips the local mode,
[92m{'--AUTO', '--autoconnect', '--auto', '--autoConnect'}[0m put's the program into auto connect, if there is a file with the user SSH username and ip address to use,
[92m{'--global-help', '--GLOBALHELP', '--GlobalHelp', '--globalHelp', '--GLOBAL-HELP', '--Global-Help'}[0m put's it in global help mode that shows you how to use the program in global mode,
[92m{'--Local-Help', '--local-help', '--localHelp', '--LOCAL-HELP', '--LOCALHELP', '--LocalHelp'}[0m put's it in local help mode that shows you how to use the program in local mode,
[92m{'--LIST', '--list', '--List'}[0m shows the packages that are installed or not,
[92m{'-U', '--UP', '--Up', '--up', '--UPGRADE', '--Upgrade', '-u', '--upgrade'}[0m allow you to update packages so it work,
[92m{'-f', '-F', '--fix', '--FIX'}[0m put's it in fix mode that fixes the program,
[92m{'--help', '-H', '-h', '--HELP', '--Help'}[0m put's it in help mode so you understand what you are going to do with this program.
ERROR:TIME:04:35:46 PM Please run as ROOT. DATE:08/09/2026
ERROR:TIME:04:36:01 PM Please connect to the internet. DATE:08/09/2026

[ WARNING ] Running NetBreachX.py -l. Has been stopped.

[ WARNING ] Running NetBreachX.py --local. Has been stopped.
